Initializing simulation parameters...
Creating solver with 200 μm resolution...

Running multiphysics simulation...
[MultiphysicsSolver] ============================================================
[MultiphysicsSolver] Starting multiphysics simulation
[MultiphysicsSolver] ============================================================
[MultiphysicsSolver] Setting up geometry...
[MultiphysicsSolver]   Grid shape: (225, 225, 96)
[MultiphysicsSolver]   Domains: [<DomainType.WATER_DISH: 1>, <DomainType.AIR: 2>, <DomainType.WATER_BATH: 3>, <DomainType.PLATE: 4>, <DomainType.SIDEWALL: 5>]
[MultiphysicsSolver] Setting up materials...
[MultiphysicsSolver]   water: ρ=996.3 kg/m³, c=1496.2 m/s
[MultiphysicsSolver]   air: ρ=1.2 kg/m³, c=346.1 m/s
[MultiphysicsSolver] Solving acoustics...
Traceback (most recent call last):
  File "/home/znewman4/projects/acousto-tweezers/test_multiphysics_quick.py", line 20, in <module>
    results = solver.solve(
  File "/home/znewman4/projects/acousto-tweezers/src/tweezers/physics/solver.py", line 416, in solve
    acoustic_field = self._solve_acoustics()
  File "/home/znewman4/projects/acousto-tweezers/src/tweezers/physics/solver.py", line 241, in _solve_acoustics
    solver = MultiDomainAcousticSolver(
TypeError: MultiDomainAcousticSolver.__init__() got an unexpected keyword argument 'frequency'
